error: invalid argument
 --> tests/ui/err/has-expr-argument.rs:3:1
  |
3 | #[zno(true)]
  | ^^^^^^^^^^^^^^
  |
  = note: this error originates in the attribute macro `zno` (in Nightly builds, run with -Z macro-backtrace for more info)
