error: Too many arguments. This attribute takes up to two (2) arguments
 --> tests/zno/ui/err/006-has-too-many-arguments.rs:3:9
  |
3 | #[zno(a=true, b=true, c=true, d=true)]
  |         ^
