error: `enter_on_poll` value should be an boolean
 --> tests/zno/ui/err/015-optional-value-type-is-unknown-lit.rs:3:21
  |
3 | #[zno(name = "a", enter_on_poll = 'y')]
  |                     ^^^^^^^^^^^^^
