error: `enter_on_poll` provided twice
 --> tests/zno/ui/err/019-has-duplicate-enter_on_poll.rs:3:31
  |
3 | #[zno(enter_on_poll = true, enter_on_poll = false)]
  |                               ^^^^^^^^^^^^^
